// Jest Snapshot v1, https://goo.gl/fbAQLP

exports[`CallLink renders correctly 1`] = `
<a
  className="undefined disabledLink"
  href="tel:(973) 462-4199"
>
  (973) 462-4199
</a>
`;
