// Jest Snapshot v1, https://goo.gl/fbAQLP

exports[`Header renders correctly 1`] = `
Array [
  <div
    className="d-flex justify-content-between d-lg-none py-2"
  >
    <span
      className="flex-grow-1 text-center icon-color"
      onClick={[Function]}
    >
      <svg
        aria-hidden="true"
        className="svg-inline--fa fa-lock fa-sm "
        data-icon="lock"
        data-prefix="fas"
        focusable="false"
        role="img"
        style={Object {}}
        viewBox="0 0 448 512"
        xmlns="http://www.w3.org/2000/svg"
      >
        <path
          d="M144 144v48H304V144c0-44.2-35.8-80-80-80s-80 35.8-80 80zM80 192V144C80 64.5 144.5 0 224 0s144 64.5 144 144v48h16c35.3 0 64 28.7 64 64V448c0 35.3-28.7 64-64 64H64c-35.3 0-64-28.7-64-64V256c0-35.3 28.7-64 64-64H80z"
          fill="currentColor"
          style={Object {}}
        />
      </svg>
    </span>
    <span
      className="flex-grow-1 text-center icon-color"
      onClick={[Function]}
    >
      <svg
        aria-hidden="true"
        className="svg-inline--fa fa-rss fa-sm "
        data-icon="rss"
        data-prefix="fas"
        focusable="false"
        role="img"
        style={Object {}}
        viewBox="0 0 448 512"
        xmlns="http://www.w3.org/2000/svg"
      >
        <path
          d="M0 64C0 46.3 14.3 32 32 32c229.8 0 416 186.2 416 416c0 17.7-14.3 32-32 32s-32-14.3-32-32C384 253.6 226.4 96 32 96C14.3 96 0 81.7 0 64zM128 416c0 35.3-28.7 64-64 64s-64-28.7-64-64s28.7-64 64-64s64 28.7 64 64zM32 160c159.1 0 288 128.9 288 288c0 17.7-14.3 32-32 32s-32-14.3-32-32c0-123.7-100.3-224-224-224c-17.7 0-32-14.3-32-32s14.3-32 32-32z"
          fill="currentColor"
          style={Object {}}
        />
      </svg>
    </span>
    <a
      className="flex-grow-1 text-center icon-color"
      href="mailto:Kartiki@knaikassociates.com"
    >
      <svg
        aria-hidden="true"
        className="svg-inline--fa fa-envelope fa-sm "
        data-icon="envelope"
        data-prefix="fas"
        focusable="false"
        role="img"
        style={Object {}}
        viewBox="0 0 512 512"
        xmlns="http://www.w3.org/2000/svg"
      >
        <path
          d="M48 64C21.5 64 0 85.5 0 112c0 15.1 7.1 29.3 19.2 38.4L236.8 313.6c11.4 8.5 27 8.5 38.4 0L492.8 150.4c12.1-9.1 19.2-23.3 19.2-38.4c0-26.5-21.5-48-48-48H48zM0 176V384c0 35.3 28.7 64 64 64H448c35.3 0 64-28.7 64-64V176L294.4 339.2c-22.8 17.1-54 17.1-76.8 0L0 176z"
          fill="currentColor"
          style={Object {}}
        />
      </svg>
    </a>
    <a
      className="flex-grow-1 text-center icon-color disabledLink"
      href="tel:(973) 462-1499"
    >
      <svg
        aria-hidden="true"
        className="svg-inline--fa fa-phone fa-sm "
        data-icon="phone"
        data-prefix="fas"
        data-testid="fa-icon"
        focusable="false"
        role="img"
        style={Object {}}
        viewBox="0 0 512 512"
        xmlns="http://www.w3.org/2000/svg"
      >
        <path
          d="M164.9 24.6c-7.7-18.6-28-28.5-47.4-23.2l-88 24C12.1 30.2 0 46 0 64C0 311.4 200.6 512 448 512c18 0 33.8-12.1 38.6-29.5l24-88c5.3-19.4-4.6-39.7-23.2-47.4l-96-40c-16.3-6.8-35.2-2.1-46.3 11.6L304.7 368C234.3 334.7 177.3 277.7 144 207.3L193.3 167c13.7-11.2 18.4-30 11.6-46.3l-40-96z"
          fill="currentColor"
          style={Object {}}
        />
      </svg>
    </a>
    <span
      className="flex-grow-1 text-center icon-color"
      onClick={[Function]}
    >
      <svg
        aria-hidden="true"
        className="svg-inline--fa fa-bars fa-sm "
        data-icon="bars"
        data-prefix="fas"
        data-testid="fa-icon-menu"
        focusable="false"
        role="img"
        style={Object {}}
        viewBox="0 0 448 512"
        xmlns="http://www.w3.org/2000/svg"
      >
        <path
          d="M0 96C0 78.3 14.3 64 32 64H416c17.7 0 32 14.3 32 32s-14.3 32-32 32H32C14.3 128 0 113.7 0 96zM0 256c0-17.7 14.3-32 32-32H416c17.7 0 32 14.3 32 32s-14.3 32-32 32H32c-17.7 0-32-14.3-32-32zM448 416c0 17.7-14.3 32-32 32H32c-17.7 0-32-14.3-32-32s14.3-32 32-32H416c17.7 0 32 14.3 32 32z"
          fill="currentColor"
          style={Object {}}
        />
      </svg>
    </span>
  </div>,
  <div
    className="offcanvas offcanvas-lg offcanvas-end"
  >
    <div
      className="d-lg-none offcanvas-header"
    >
      <div
        className="offcanvas-title h5"
      >
        Menu
      </div>
      <button
        aria-label="Close"
        className="btn-close"
        onClick={[Function]}
        type="button"
      />
    </div>
    <div
      className="p-0 d-lg-none offcanvas-body"
    >
      <div
        className="sidebar"
      />
    </div>
  </div>,
  <div
    className="d-none d-lg-flex justify-content-lg-between py-2 container"
  >
    <div>
      <button
        className="btn btn-default btn-sm"
        onClick={[Function]}
      >
        Login
      </button>
      <button
        className="btn btn-primary btn-sm"
        onClick={[Function]}
      >
        Subscribe
      </button>
    </div>
    <h3
      className="strong lead"
    >
      Call Us: 
      <a
        className="undefined disabledLink"
        href="tel:(973) 462-1499"
      >
        (973) 462-1499
      </a>
    </h3>
  </div>,
  <div
    className="d-flex justify-content-center justify-content-lg-between py-2 container"
  >
    <h1 />
    <div
      className="d-none d-lg-flex"
    >
      <ul
        className="linkContainer"
      />
    </div>
  </div>,
]
`;
