// Jest Snapshot v1, https://goo.gl/fbAQLP

exports[`Home renders correctly 1`] = `
<div>
  <div
    className="d-md-flex container"
  >
    <div
      className="text-center order-md-2 mx-auto"
      data-sal="slide-left"
      data-sal-duration="1000"
      data-sal-easing="ease"
    />
    <div
      className="row order-md-1 py-2 flex-md-grow-1"
    >
      <div
        className="col-md-8 text-center d-flex flex-column justify-content-center"
        data-sal="slide-down"
        data-sal-duration="1000"
        data-sal-easing="ease"
        id="home-page-tagline"
      >
        <h1>
          Account On Us
        </h1>
        <p>
          We offer services for business owners, executives, and individuals.
        </p>
        <div
          data-sal="zoom-in"
          data-sal-duration="1000"
          data-sal-easing="ease"
        >
          <button
            className="btn btn-primary btn-lg"
            onClick={[Function]}
          >
            Free Consultation
          </button>
        </div>
      </div>
    </div>
  </div>
  <div
    className="d-flex theme-color"
  >
    <div
      className="globe"
    >
      <div
        className="globe1"
      />
      <div
        className="globe2"
      />
      <div
        className="globe3"
      />
      <div
        className="globe4"
      />
    </div>
    <div
      className="container"
      style={
        Object {
          "zIndex": 1,
        }
      }
    >
      <div
        className="row pt-5"
      >
        <div
          className="col-lg-12"
        >
          <h1>
            KNaik Associates, Accounting
          </h1>
          <p>
            If you are looking for a blend of personal service and expertise, you have come to the right place! We offer a broad range of services for business owners, executives and independent professionals. Our rates are affordable. We are experienced and friendly.
          </p>
        </div>
      </div>
      <div
        className="row my-5 mx-3 align-xs-center text-center text-sm-start d-flex default-color"
      >
        <div
          className="col-lg-6 col-md-12 my-4"
        >
          <div
            className="row"
          >
            <div
              className="col-sm-2 icon-color text-center"
            >
              <svg
                aria-hidden="true"
                className="svg-inline--fa fa-compass fa-4x "
                data-icon="compass"
                data-prefix="fas"
                focusable="false"
                role="img"
                style={Object {}}
                viewBox="0 0 512 512"
                xmlns="http://www.w3.org/2000/svg"
              >
                <path
                  d="M256 512c141.4 0 256-114.6 256-256S397.4 0 256 0S0 114.6 0 256S114.6 512 256 512zm50.7-186.9L162.4 380.6c-19.4 7.5-38.5-11.6-31-31l55.5-144.3c3.3-8.5 9.9-15.1 18.4-18.4l144.3-55.5c19.4-7.5 38.5 11.6 31 31L325.1 306.7c-3.2 8.5-9.9 15.1-18.4 18.4zM288 256c0-17.7-14.3-32-32-32s-32 14.3-32 32s14.3 32 32 32s32-14.3 32-32z"
                  fill="currentColor"
                  style={Object {}}
                />
              </svg>
            </div>
            <div
              className="col-sm-10"
            >
              <h3>
                Services For Individuals
              </h3>
              <p>
                You get one-on-one guidance that helps manage risk and improve performance.
                <a
                  href="/services/services-for-individuals"
                >
                  learn more
                </a>
              </p>
            </div>
          </div>
        </div>
        <div
          className="col-lg-6 col-md-12 my-4"
        >
          <div
            className="row"
          >
            <div
              className="col-sm-2 icon-color text-center"
            >
              <svg
                aria-hidden="true"
                className="svg-inline--fa fa-briefcase fa-4x "
                data-icon="briefcase"
                data-prefix="fas"
                focusable="false"
                role="img"
                style={Object {}}
                viewBox="0 0 512 512"
                xmlns="http://www.w3.org/2000/svg"
              >
                <path
                  d="M184 48H328c4.4 0 8 3.6 8 8V96H176V56c0-4.4 3.6-8 8-8zm-56 8V96H64C28.7 96 0 124.7 0 160v96H192 320 512V160c0-35.3-28.7-64-64-64H384V56c0-30.9-25.1-56-56-56H184c-30.9 0-56 25.1-56 56zM512 288H320v32c0 17.7-14.3 32-32 32H224c-17.7 0-32-14.3-32-32V288H0V416c0 35.3 28.7 64 64 64H448c35.3 0 64-28.7 64-64V288z"
                  fill="currentColor"
                  style={Object {}}
                />
              </svg>
            </div>
            <div
              className="col-sm-10"
            >
              <h3>
                Business Services
              </h3>
              <p>
                We take care of your business for you, so you can get back to the job of running your business.
                <a
                  href="/services/business-services"
                >
                  learn more
                </a>
              </p>
            </div>
          </div>
        </div>
        <div
          className="col-lg-6 col-md-12 my-4"
        >
          <div
            className="row"
          >
            <div
              className="col-sm-2 icon-color text-center"
            >
              <svg
                aria-hidden="true"
                className="svg-inline--fa fa-calculator fa-4x "
                data-icon="calculator"
                data-prefix="fas"
                focusable="false"
                role="img"
                style={Object {}}
                viewBox="0 0 384 512"
                xmlns="http://www.w3.org/2000/svg"
              >
                <path
                  d="M64 0C28.7 0 0 28.7 0 64V448c0 35.3 28.7 64 64 64H320c35.3 0 64-28.7 64-64V64c0-35.3-28.7-64-64-64H64zM96 64H288c17.7 0 32 14.3 32 32v32c0 17.7-14.3 32-32 32H96c-17.7 0-32-14.3-32-32V96c0-17.7 14.3-32 32-32zM64 224c0-17.7 14.3-32 32-32s32 14.3 32 32s-14.3 32-32 32s-32-14.3-32-32zm32 64c17.7 0 32 14.3 32 32s-14.3 32-32 32s-32-14.3-32-32s14.3-32 32-32zM64 416c0-17.7 14.3-32 32-32h96c17.7 0 32 14.3 32 32s-14.3 32-32 32H96c-17.7 0-32-14.3-32-32zM192 192c17.7 0 32 14.3 32 32s-14.3 32-32 32s-32-14.3-32-32s14.3-32 32-32zM160 320c0-17.7 14.3-32 32-32s32 14.3 32 32s-14.3 32-32 32s-32-14.3-32-32zM288 192c17.7 0 32 14.3 32 32s-14.3 32-32 32s-32-14.3-32-32s14.3-32 32-32zM256 320c0-17.7 14.3-32 32-32s32 14.3 32 32s-14.3 32-32 32s-32-14.3-32-32zm32 64c17.7 0 32 14.3 32 32s-14.3 32-32 32s-32-14.3-32-32s14.3-32 32-32z"
                  fill="currentColor"
                  style={Object {}}
                />
              </svg>
            </div>
            <div
              className="col-sm-10"
            >
              <h3>
                Tax Services
              </h3>
              <p>
                We pride ourselves on being very efficient, affordable, and of course, extremely discreet.
                <a
                  href="/services/tax-services"
                >
                  learn more
                </a>
              </p>
            </div>
          </div>
        </div>
        <div
          className="col-lg-6 col-md-12 my-4"
        >
          <div
            className="row"
          >
            <div
              className="col-sm-2 icon-color text-center"
            >
              <svg
                aria-hidden="true"
                className="svg-inline--fa fa-book fa-4x "
                data-icon="book"
                data-prefix="fas"
                focusable="false"
                role="img"
                style={Object {}}
                viewBox="0 0 448 512"
                xmlns="http://www.w3.org/2000/svg"
              >
                <path
                  d="M96 0C43 0 0 43 0 96V416c0 53 43 96 96 96H384h32c17.7 0 32-14.3 32-32s-14.3-32-32-32V384c17.7 0 32-14.3 32-32V32c0-17.7-14.3-32-32-32H384 96zm0 384H352v64H96c-17.7 0-32-14.3-32-32s14.3-32 32-32zm32-240c0-8.8 7.2-16 16-16H336c8.8 0 16 7.2 16 16s-7.2 16-16 16H144c-8.8 0-16-7.2-16-16zm16 48H336c8.8 0 16 7.2 16 16s-7.2 16-16 16H144c-8.8 0-16-7.2-16-16s7.2-16 16-16z"
                  fill="currentColor"
                  style={Object {}}
                />
              </svg>
            </div>
            <div
              className="col-sm-10"
            >
              <h3>
                QuickBooks Services
              </h3>
              <p>
                QuickBooks is the ideal business accounting software for small to mid-sized business owners.
                <a
                  href="/services/services-for-quick-books"
                >
                  learn more
                </a>
              </p>
            </div>
          </div>
        </div>
      </div>
    </div>
  </div>
  <div
    className="container"
    style={
      Object {
        "zIndex": 1,
      }
    }
  >
    <div
      className="row my-5"
    >
      <div
        className="col-lg-12"
      >
        <h1
          className="h1 text-center"
        >
          Accounting is what we do best, you're busy enough with the rest
        </h1>
        <div
          className="col-lg-12 mb-4"
        >
          <hr />
        </div>
        <div
          className="col-12 d-flex row"
        >
          <div
            className="col-lg-5 order-lg-2"
          >
            <div
              className="coffee"
            />
          </div>
          <div
            className="col-lg-6 order-lg-1"
          >
            <p
              className="lead"
            >
              KNaik Associates is licensed in NJ and specializes in Accounting. We offer a broad range of services for business owners, executives, and independent professionals. We are professional, experienced, and affordable.
            </p>
            <p
              className="lead"
            >
              Whether we like it or not, today's tax laws are so complicated that filing a relatively simple return can be confusing. It is just too easy to overlook deductions and credits to which you are entitled. Even if you use a computer software program there's no substitute for the assistance of an experienced tax professional.
            </p>
            <p
              className="lead"
            >
              We can also assist if you find yourself on the wrong side of the IRS. We're here to help you resolve your tax problems and put an end to the misery that the IRS can put you through.
            </p>
            <p
              className="lead fw-bold text-center mt-4"
            >
              Please call us today at 
              <a
                className="undefined disabledLink"
                href="tel:(973) 462-4199"
              >
                (973) 462-4199
              </a>
              . Thanks for visiting!
            </p>
          </div>
          <div
            className="col-lg-1 order-lg-1"
          />
        </div>
      </div>
    </div>
  </div>
</div>
`;
